// Jest Snapshot v1, https://goo.gl/fbAQLP

exports[`Components Orderbook matches snapshot 1`] = `
<DocumentFragment>
  <div
    class="orderbook__wrapper-ypat8y-1 gKWLzb"
  >
    Trying to connect to websocket...
    <div
      class="loading__Wrapper-e7lqu1-0 dNIoQG"
    >
      <span
        class="css-0"
      >
        <span
          class="css-t5z7rz"
        />
        <span
          class="css-180eqmy"
        />
        <span
          class="css-10qunde"
        />
        <span
          class="css-1ct7tzo"
        />
        <span
          class="css-1cubgjj"
        />
      </span>
    </div>
  </div>
</DocumentFragment>
`;
